###############################################################################
#
# IAR ELF Linker V7.40.3.8902/W32 for ARM                 21/Oct/2025  13:20:06
# Copyright 2007-2015 IAR Systems AB.
#
#    Output file  =  
#        C:\Users\neuberj2\Documents\ti\TivaWare_C_Series-2.1.4.178\examples\boards\dk-tm4c123g\my_assembly_ISR\ewarm\Exe\my_assembly_ISR.out
#    Map file     =  
#        C:\Users\neuberj2\Documents\ti\TivaWare_C_Series-2.1.4.178\examples\boards\dk-tm4c123g\my_assembly_ISR\ewarm\List\my_assembly_ISR.map
#    Command line =  
#        C:\Users\neuberj2\Documents\ti\TivaWare_C_Series-2.1.4.178\examples\boards\dk-tm4c123g\my_assembly_ISR\ewarm\Obj\cfal96x64x16.o
#        C:\Users\neuberj2\Documents\ti\TivaWare_C_Series-2.1.4.178\driverlib\ewarm\Exe\driverlib.a
#        C:\Users\neuberj2\Documents\ti\TivaWare_C_Series-2.1.4.178\grlib\ewarm\Exe\grlib.a
#        C:\Users\neuberj2\Documents\ti\TivaWare_C_Series-2.1.4.178\examples\boards\dk-tm4c123g\my_assembly_ISR\ewarm\Obj\Int1Handler_ASM.o
#        C:\Users\neuberj2\Documents\ti\TivaWare_C_Series-2.1.4.178\examples\boards\dk-tm4c123g\my_assembly_ISR\ewarm\Obj\my_assembly_ISR.o
#        C:\Users\neuberj2\Documents\ti\TivaWare_C_Series-2.1.4.178\examples\boards\dk-tm4c123g\my_assembly_ISR\ewarm\Obj\startup_ewarm.o
#        --redirect _Printf=_PrintfTiny --redirect _Scanf=_ScanfSmall -o
#        C:\Users\neuberj2\Documents\ti\TivaWare_C_Series-2.1.4.178\examples\boards\dk-tm4c123g\my_assembly_ISR\ewarm\Exe\my_assembly_ISR.out
#        --map
#        C:\Users\neuberj2\Documents\ti\TivaWare_C_Series-2.1.4.178\examples\boards\dk-tm4c123g\my_assembly_ISR\ewarm\List\my_assembly_ISR.map
#        --config
#        C:\Users\neuberj2\Documents\ti\TivaWare_C_Series-2.1.4.178\examples\boards\dk-tm4c123g\my_assembly_ISR\my_assembly_ISR.icf
#        --semihosting --entry __iar_program_start --vfe
#
###############################################################################

*******************************************************************************
*** RUNTIME MODEL ATTRIBUTES
***

CppFlavor       = *
__SystemLibrary = DLib


*******************************************************************************
*** PLACEMENT SUMMARY
***

"A1":  place at start of [0x00000000-0x0003ffff] { ro section .intvec };
"P1":  place in [from 0x00000000 to 0x0003ffff] { ro };
"P2":  place in [from 0x20000000 to 0x20007fff] { rw, block HEAP };

  Section            Kind        Address    Size  Object
  -------            ----        -------    ----  ------
"A1":                                      0x26c
  .intvec            const    0x00000000   0x26c  startup_ewarm.o [1]
                            - 0x0000026c   0x26c

"P1":                                     0x1f68
  .text              ro code  0x0000026c   0x754  my_assembly_ISR.o [1]
  .text              ro code  0x000009c0    0xb0  uart.o [4]
  .text              ro code  0x00000a70   0x132  adc.o [4]
  .text              ro code  0x00000ba2     0xa  xsprout.o [3]
  .text              ro code  0x00000bac   0x2e4  sysctl.o [4]
  .text              ro code  0x00000e90    0x30  timer.o [4]
  .text              ro code  0x00000ec0    0x34  sprintf.o [3]
  .text              ro code  0x00000ef4   0x4ea  string.o [5]
  .text              ro code  0x000013e0    0x16  interrupt.o [4]
  .text              ro code  0x000013f8   0x3f4  cfal96x64x16.o [1]
  .text              ro code  0x000017ec    0x78  context.o [5]
  .text              ro code  0x00001864   0x182  gpio.o [4]
  .text              ro code  0x000019e6    0xb2  rectangle.o [5]
  .text              ro code  0x00001a98   0x14e  xprintftiny.o [3]
  .text              ro code  0x00001be8    0x10  cpu.o [4]
  .text              ro code  0x00001bf8    0x3a  ABImemset48.o [7]
  .text              ro code  0x00001c34    0x36  strlen.o [7]
  .rodata            const    0x00001c6c   0x3c0  fontfixed6x8.o [5]
  .text              ro code  0x0000202c    0x40  zero_init3.o [7]
  .text              ro code  0x0000206c    0x2c  copy_init3.o [7]
  .rodata            const    0x00002098    0x28  cfal96x64x16.o [1]
  .text              ro code  0x000020c0    0x28  data_init.o [7]
  .text              ro code  0x000020e8    0x22  fpinit_M.o [6]
  .iar.init_table    const    0x0000210c    0x24  - Linker created -
  .text              ro code  0x00002130    0x1c  Int1Handler_ASM.o [1]
  .text              ro code  0x0000214c    0x1a  startup_ewarm.o [1]
  .text              ro code  0x00002166     0xc  cstartup_M.o [7]
  .text              ro code  0x00002174    0x1a  cmain.o [7]
  .text              ro code  0x0000218e     0x4  low_level_init.o [3]
  .text              ro code  0x00002192     0x4  exit.o [3]
  .text              ro code  0x00002198     0xa  cexit.o [7]
  .text              ro code  0x000021a4    0x14  exit.o [8]
  .text              ro code  0x000021b8     0x8  charmap.o [5]
  .rodata            const    0x000021c0     0x0  zero_init3.o [7]
  .rodata            const    0x000021c0     0x0  copy_init3.o [7]
  Initializer bytes  const    0x000021c0    0x14  <for P2 s0>
                            - 0x000021d4  0x1f68

"P2":                                      0x478
  P2 s0                       0x20000000    0x14  <Init block>
    .data            inited   0x20000000    0x14  cfal96x64x16.o [1]
  .bss               zero     0x20000014    0x60  my_assembly_ISR.o [1]
  .bss               zero     0x20000074     0x4  context.o [5]
  .noinit            uninit   0x20000078   0x400  startup_ewarm.o [1]
                            - 0x20000478   0x478


*******************************************************************************
*** INIT TABLE
***

          Address     Size
          -------     ----
Zero (__iar_zero_init3)
    1 destination range, total size 0x64:
          0x20000014  0x64

Copy (__iar_copy_init3)
    1 source range, total size 0x14:
          0x000021c0  0x14
    1 destination range, total size 0x14:
          0x20000000  0x14



*******************************************************************************
*** MODULE SUMMARY
***

    Module             ro code  ro data  rw data
    ------             -------  -------  -------
C:\Users\neuberj2\Documents\ti\TivaWare_C_Series-2.1.4.178\examples\boards\dk-tm4c123g\my_assembly_ISR\ewarm\Obj: [1]
    Int1Handler_ASM.o       28
    cfal96x64x16.o       1 012       60       20
    my_assembly_ISR.o    1 876                96
    startup_ewarm.o         26      620    1 024
    --------------------------------------------
    Total:               2 942      680    1 140

command line: [2]
    --------------------------------------------
    Total:

dl7M_tln.a: [3]
    exit.o                   4
    low_level_init.o         4
    sprintf.o               52
    xprintftiny.o          334
    xsprout.o               10
    --------------------------------------------
    Total:                 404

driverlib.a: [4]
    adc.o                  306
    cpu.o                   16
    gpio.o                 386
    interrupt.o             22
    sysctl.o               740
    timer.o                 48
    uart.o                 176
    --------------------------------------------
    Total:               1 694

grlib.a: [5]
    charmap.o                8
    context.o              120                 4
    fontfixed6x8.o                  960
    rectangle.o            178
    string.o             1 258
    --------------------------------------------
    Total:               1 564      960        4

m7M_tls.a: [6]
    fpinit_M.o              34
    --------------------------------------------
    Total:                  34

rt7M_tl.a: [7]
    ABImemset48.o           58
    cexit.o                 10
    cmain.o                 26
    copy_init3.o            44
    cstartup_M.o            12
    data_init.o             40
    strlen.o                54
    zero_init3.o            64
    --------------------------------------------
    Total:                 308

shb_l.a: [8]
    exit.o                  20
    --------------------------------------------
    Total:                  20

    Gaps                    14        4
    Linker created                   36
------------------------------------------------
    Grand Total:         6 980    1 680    1 144


*******************************************************************************
*** ENTRY LIST
***

Entry                      Address   Size  Type      Object
-----                      -------   ----  ----      ------
.iar.init_table$$Base   0x0000210c          --   Gb  - Linker created -
.iar.init_table$$Limit  0x00002130          --   Gb  - Linker created -
?main                   0x00002175         Code  Gb  cmain.o [7]
ADCProcessorTrigger     0x00000b7d   0x1c  Code  Gb  adc.o [4]
ADCSequenceConfigure    0x00000a8b   0x52  Code  Gb  adc.o [4]
ADCSequenceDataGet      0x00000b5f   0x1e  Code  Gb  adc.o [4]
ADCSequenceDisable      0x00000a7b    0x2  Code  Gb  adc.o [4]
ADCSequenceEnable       0x00000a71    0xa  Code  Gb  adc.o [4]
ADCSequenceStepConfigure
                        0x00000add   0x76  Code  Gb  adc.o [4]
CFAL96x64x16ColorTranslate
                        0x0000167f   0x16  Code  Lc  cfal96x64x16.o [1]
CFAL96x64x16Flush       0x00001695    0x2  Code  Lc  cfal96x64x16.o [1]
CFAL96x64x16Init        0x00001697  0x118  Code  Gb  cfal96x64x16.o [1]
CFAL96x64x16LineDrawH   0x00001579   0x5c  Code  Lc  cfal96x64x16.o [1]
CFAL96x64x16LineDrawV   0x000015d5   0x70  Code  Lc  cfal96x64x16.o [1]
CFAL96x64x16PixelDraw   0x00001471   0x2e  Code  Lc  cfal96x64x16.o [1]
CFAL96x64x16PixelDrawMultiple
                        0x0000149f   0xb2  Code  Lc  cfal96x64x16.o [1]
CFAL96x64x16RectFill    0x00001653   0x2c  Code  Lc  cfal96x64x16.o [1]
CFAL96x64x16WriteCommand
                        0x000013f9   0x32  Code  Lc  cfal96x64x16.o [1]
CFAL96x64x16WriteData   0x0000142b   0x30  Code  Lc  cfal96x64x16.o [1]
CPUcpsid                0x00001be9    0x8  Code  Gb  cpu.o [4]
CPUcpsie                0x00001bf1    0x8  Code  Gb  cpu.o [4]
FaultISR                0x00002163    0x2  Code  Lc  startup_ewarm.o [1]
GPIODirModeSet          0x00001865   0x28  Code  Gb  gpio.o [4]
GPIOPadConfigSet        0x0000188d   0xfe  Code  Gb  gpio.o [4]
GPIOPinTypeADC          0x00001991    0x4  Code  Gb  gpio.o [4]
GPIOPinTypeGPIOOutput   0x000019af    0xa  Code  Gb  gpio.o [4]
GPIOPinTypeUART         0x000019d3   0x14  Code  Gb  gpio.o [4]
GPIOPinWrite            0x0000198b    0x6  Code  Gb  gpio.o [4]
GrContextFontSet        0x000013db    0x4  Code  Gb  string.o [5]
GrContextInit           0x000017ed   0x5e  Code  Gb  context.o [5]
GrDefaultStringRenderer
                        0x00000f75   0xb2  Code  Gb  string.o [5]
GrFontBaselineGet       0x000012cd   0x18  Code  Gb  string.o [5]
GrFontCodepageGet       0x0000137f   0x1c  Code  Gb  string.o [5]
GrFontGlyphDataGet      0x000012fb   0x84  Code  Gb  string.o [5]
GrFontGlyphRender       0x00001057  0x21e  Code  Gb  string.o [5]
GrFontInfoGet           0x000012a3   0x2a  Code  Gb  string.o [5]
GrMapISO8859_1_Unicode  0x000021b9    0x8  Code  Gb  charmap.o [5]
GrRectFill              0x000019e7   0xb2  Code  Gb  rectangle.o [5]
GrStringDraw            0x00000f5f   0x16  Code  Gb  string.o [5]
GrStringNextCharGet     0x00001027   0x30  Code  Gb  string.o [5]
GrStringWidthGet        0x00000ef5   0x6a  Code  Gb  string.o [5]
IntDefaultHandler       0x00002165    0x2  Code  Lc  startup_ewarm.o [1]
IntMasterDisable        0x000013e9    0x6  Code  Gb  interrupt.o [4]
IntMasterEnable         0x000013e1    0x8  Code  Gb  interrupt.o [4]
NmiSR                   0x00002161    0x2  Code  Lc  startup_ewarm.o [1]
Region$$Table$$Base     0x0000210c          --   Gb  - Linker created -
Region$$Table$$Limit    0x00002130          --   Gb  - Linker created -
ResetISR                0x0000214d    0xe  Code  Gb  startup_ewarm.o [1]
SysCtlClockGet          0x00000cc9  0x110  Code  Gb  sysctl.o [4]
SysCtlClockSet          0x00000bf1   0xd8  Code  Gb  sysctl.o [4]
SysCtlDelay             0x00000be9    0x8  Code  Gb  sysctl.o [4]
SysCtlPeripheralEnable  0x00000bcd    0x8  Code  Gb  sysctl.o [4]
SysCtlPeripheralReady   0x00000bad    0x8  Code  Gb  sysctl.o [4]
Timer0IntHandler        0x0000028b   0xfe  Code  Gb  my_assembly_ISR.o [1]
TimerIntDisable         0x00000eb5    0x4  Code  Gb  timer.o [4]
TimerIntEnable          0x00000eab    0x4  Code  Gb  timer.o [4]
TimerLoadGet            0x00000ea1    0xa  Code  Gb  timer.o [4]
TimerLoadSet            0x00000e91   0x10  Code  Gb  timer.o [4]
UARTCharGetNonBlocking  0x00000a59    0xe  Code  Gb  uart.o [4]
UARTCharPut             0x00000a67    0xa  Code  Gb  uart.o [4]
UARTCharsAvail          0x00000a49    0x6  Code  Gb  uart.o [4]
UARTConfigSetExpClk     0x000009c1   0x4c  Code  Gb  uart.o [4]
UARTDisable             0x00000a27   0x1e  Code  Gb  uart.o [4]
UARTEnable              0x00000a0d   0x1a  Code  Gb  uart.o [4]
UARTSend                0x0000026d   0x1e  Code  Gb  my_assembly_ISR.o [1]
UpdateContextCharMapping
                        0x0000139b   0x40  Code  Lc  string.o [5]
_PrintfTiny             0x00001ab1  0x136  Code  Gb  xprintftiny.o [3]
_SProut                 0x00000ba3    0xa  Code  Gb  xsprout.o [3]
__aeabi_memset4         0x00001bf9         Code  Gb  ABImemset48.o [7]
__aeabi_memset8         0x00001bf9         Code  Gb  ABImemset48.o [7]
__cmain                 0x00002175         Code  Gb  cmain.o [7]
__exit                  0x000021a5   0x14  Code  Gb  exit.o [8]
__iar_Memset4_word      0x00001c01         Code  Gb  ABImemset48.o [7]
__iar_Memset8_word      0x00001c01         Code  Gb  ABImemset48.o [7]
__iar_copy_init3        0x0000206d   0x2c  Code  Gb  copy_init3.o [7]
__iar_data_init3        0x000020c1   0x28  Code  Gb  data_init.o [7]
__iar_init_vfp          0x000020e9         Code  Gb  fpinit_M.o [6]
__iar_program_start     0x00002167         Code  Gb  cstartup_M.o [7]
__iar_zero_init3        0x0000202d   0x40  Code  Gb  zero_init3.o [7]
__low_level_init        0x0000218f    0x4  Code  Gb  low_level_init.o [3]
__vector_table          0x00000000  0x26c  Data  Gb  startup_ewarm.o [1]
_call_main              0x00002181         Code  Gb  cmain.o [7]
_exit                   0x00002199         Code  Gb  cexit.o [7]
_main                   0x0000218b         Code  Gb  cmain.o [7]
buffer1                 0x20000060    0x8  Data  Gb  my_assembly_ISR.o [1]
buffer2                 0x20000068    0x8  Data  Gb  my_assembly_ISR.o [1]
buffer3                 0x20000070    0x4  Data  Gb  my_assembly_ISR.o [1]
exit                    0x00002193    0x4  Code  Gb  exit.o [3]
g_psDefaultCodePointMapTable
                        0x00001854   0x10  Data  Gb  context.o [5]
g_psGrLibDefaults       0x20000074    0x4  Data  Lc  context.o [5]
g_pui32Xtals            0x00000e24   0x6c  Data  Lc  sysctl.o [4]
g_pui8FontFixed6x8Data  0x00001c6c  0x2f8  Data  Lc  fontfixed6x8.o [5]
g_sCFAL96x64x16         0x00002098   0x28  Data  Gb  cfal96x64x16.o [1]
g_sContext              0x20000020   0x2c  Data  Gb  my_assembly_ISR.o [1]
g_sFontFixed6x8         0x00001f64   0xc8  Data  Gb  fontfixed6x8.o [5]
g_ui8DisplayInitCommands
                        0x20000000   0x14  Data  Lc  cfal96x64x16.o [1]
isr_asm_start           0x00002131         Code  Gb  Int1Handler_ASM.o [1]
main                    0x00000397  0x2a8  Code  Gb  my_assembly_ISR.o [1]
newTimerLoad            0x20000058    0x4  Data  Gb  my_assembly_ISR.o [1]
out                     0x00001a99   0x18  Code  Lc  xprintftiny.o [3]
process_menu            0x00000695  0x142  Code  Gb  my_assembly_ISR.o [1]
pui32Stack              0x20000078  0x400  Data  Lc  startup_ewarm.o [1]
req                     0x20000050    0x4  Data  Gb  my_assembly_ISR.o [1]
runningCount            0x20000015    0x1  Data  Gb  my_assembly_ISR.o [1]
sRect                   0x20000018    0x8  Data  Gb  my_assembly_ISR.o [1]
showADC                 0x20000014    0x1  Data  Gb  my_assembly_ISR.o [1]
sprintf                 0x00000ec1   0x34  Code  Gb  sprintf.o [3]
srv                     0x20000054    0x4  Data  Gb  my_assembly_ISR.o [1]
strlen                  0x00001c35         Code  Gb  strlen.o [7]
ui32ADCValue            0x2000005c    0x4  Data  Gb  my_assembly_ISR.o [1]
ui32Loop                0x2000004c    0x4  Data  Gb  my_assembly_ISR.o [1]


[1] = C:\Users\neuberj2\Documents\ti\TivaWare_C_Series-2.1.4.178\examples\boards\dk-tm4c123g\my_assembly_ISR\ewarm\Obj
[2] = command line
[3] = dl7M_tln.a
[4] = driverlib.a
[5] = grlib.a
[6] = m7M_tls.a
[7] = rt7M_tl.a
[8] = shb_l.a

  6 980 bytes of readonly  code memory
  1 680 bytes of readonly  data memory
  1 144 bytes of readwrite data memory

Errors: none
Warnings: none
