###############################################################################
#
# IAR ELF Linker V7.40.3.8902/W32 for ARM                 03/Oct/2025  10:36:18
# Copyright 2007-2015 IAR Systems AB.
#
#    Output file  =  
#        C:\Users\neuberj2\Documents\ti\TivaWare_C_Series-2.1.4.178\examples\boards\dk-tm4c123g\my_ADC_polling\ewarm\Exe\my_ADC_polling.out
#    Map file     =  
#        C:\Users\neuberj2\Documents\ti\TivaWare_C_Series-2.1.4.178\examples\boards\dk-tm4c123g\my_ADC_polling\ewarm\List\my_ADC_polling.map
#    Command line =  
#        C:\Users\neuberj2\Documents\ti\TivaWare_C_Series-2.1.4.178\examples\boards\dk-tm4c123g\my_ADC_polling\ewarm\Obj\cfal96x64x16.o
#        C:\Users\neuberj2\Documents\ti\TivaWare_C_Series-2.1.4.178\driverlib\ewarm\Exe\driverlib.a
#        C:\Users\neuberj2\Documents\ti\TivaWare_C_Series-2.1.4.178\grlib\ewarm\Exe\grlib.a
#        C:\Users\neuberj2\Documents\ti\TivaWare_C_Series-2.1.4.178\examples\boards\dk-tm4c123g\my_ADC_polling\ewarm\Obj\my_ADC_polling.o
#        C:\Users\neuberj2\Documents\ti\TivaWare_C_Series-2.1.4.178\examples\boards\dk-tm4c123g\my_ADC_polling\ewarm\Obj\startup_ewarm.o
#        --redirect _Printf=_PrintfTiny --redirect _Scanf=_ScanfSmall -o
#        C:\Users\neuberj2\Documents\ti\TivaWare_C_Series-2.1.4.178\examples\boards\dk-tm4c123g\my_ADC_polling\ewarm\Exe\my_ADC_polling.out
#        --map
#        C:\Users\neuberj2\Documents\ti\TivaWare_C_Series-2.1.4.178\examples\boards\dk-tm4c123g\my_ADC_polling\ewarm\List\my_ADC_polling.map
#        --config
#        C:\Users\neuberj2\Documents\ti\TivaWare_C_Series-2.1.4.178\examples\boards\dk-tm4c123g\my_ADC_polling\my_ADC_polling.icf
#        --semihosting --entry __iar_program_start --vfe
#
###############################################################################

*******************************************************************************
*** RUNTIME MODEL ATTRIBUTES
***

CppFlavor       = *
__SystemLibrary = DLib


*******************************************************************************
*** PLACEMENT SUMMARY
***

"A1":  place at start of [0x00000000-0x0003ffff] { ro section .intvec };
"P1":  place in [from 0x00000000 to 0x0003ffff] { ro };
"P2":  place in [from 0x20000000 to 0x20007fff] { rw, block HEAP };

  Section            Kind        Address    Size  Object
  -------            ----        -------    ----  ------
"A1":                                      0x26c
  .intvec            const    0x00000000   0x26c  startup_ewarm.o [1]
                            - 0x0000026c   0x26c

"P1":                                     0x2660
  .text              ro code  0x0000026c   0xa50  my_ADC_polling.o [1]
  .text              ro code  0x00000cbc    0xb0  uart.o [4]
  .text              ro code  0x00000d6c    0x10  fpu.o [4]
  .text              ro code  0x00000d7c   0x2e4  sysctl.o [4]
  .text              ro code  0x00001060   0x182  gpio.o [4]
  .text              ro code  0x000011e2     0xa  xsprout.o [3]
  .text              ro code  0x000011ec   0x132  adc.o [4]
  .text              ro code  0x00001320   0x3f4  cfal96x64x16.o [1]
  .text              ro code  0x00001714    0x78  context.o [5]
  .text              ro code  0x0000178c   0x4ea  string.o [5]
  .text              ro code  0x00001c78    0x34  sprintf.o [3]
  .text              ro code  0x00001cac    0x1c  I32ToDbl.o [6]
  .text              ro code  0x00001cc8    0x4c  DblToI32.o [6]
  .text              ro code  0x00001d14   0x1a2  DblMul.o [6]
  .text              ro code  0x00001eb6    0xb2  rectangle.o [5]
  .text              ro code  0x00001f68   0x256  DblDiv.o [6]
  .text              ro code  0x000021c0    0x3a  ABImemset48.o [7]
  .text              ro code  0x000021fa   0x14e  xprintftiny.o [3]
  .text              ro code  0x00002348    0x36  strlen.o [7]
  .rodata            const    0x00002380   0x3c0  fontfixed6x8.o [5]
  .text              ro code  0x00002740    0x2c  copy_init3.o [7]
  .rodata            const    0x0000276c    0x28  cfal96x64x16.o [1]
  .text              ro code  0x00002794    0x28  data_init.o [7]
  .text              ro code  0x000027bc    0x22  fpinit_M.o [6]
  .iar.init_table    const    0x000027e0    0x14  - Linker created -
  .text              ro code  0x000027f4    0x1a  startup_ewarm.o [1]
  .text              ro code  0x0000280e     0xc  cstartup_M.o [7]
  .text              ro code  0x0000281c    0x1a  cmain.o [7]
  .text              ro code  0x00002836     0x4  low_level_init.o [3]
  .text              ro code  0x0000283a     0x4  exit.o [3]
  .text              ro code  0x00002840     0xa  cexit.o [7]
  .text              ro code  0x0000284c    0x14  exit.o [8]
  .text              ro code  0x00002860     0x8  charmap.o [5]
  .rodata            const    0x00002868     0x0  copy_init3.o [7]
  Initializer bytes  const    0x00002868    0x64  <for P2 s0>
                            - 0x000028cc  0x2660

"P2":                                      0x264
  P2 s0                       0x20000000    0x64  <Init block>
    .data            inited   0x20000000    0x4c  my_ADC_polling.o [1]
    .data            inited   0x2000004c    0x14  cfal96x64x16.o [1]
    .bss             inited   0x20000060     0x4  context.o [5]
  .noinit            uninit   0x20000064   0x200  startup_ewarm.o [1]
                            - 0x20000264   0x264


*******************************************************************************
*** INIT TABLE
***

          Address     Size
          -------     ----
Copy (__iar_copy_init3)
    1 source range, total size 0x64:
          0x00002868  0x64
    1 destination range, total size 0x64:
          0x20000000  0x64



*******************************************************************************
*** MODULE SUMMARY
***

    Module            ro code  ro data  rw data
    ------            -------  -------  -------
C:\Users\neuberj2\Documents\ti\TivaWare_C_Series-2.1.4.178\examples\boards\dk-tm4c123g\my_ADC_polling\ewarm\Obj: [1]
    cfal96x64x16.o      1 012       60       20
    my_ADC_polling.o    2 640       76       76
    startup_ewarm.o        26      620      512
    -------------------------------------------
    Total:              3 678      756      608

command line: [2]
    -------------------------------------------
    Total:

dl7M_tln.a: [3]
    exit.o                  4
    low_level_init.o        4
    sprintf.o              52
    xprintftiny.o         334
    xsprout.o              10
    -------------------------------------------
    Total:                404

driverlib.a: [4]
    adc.o                 306
    fpu.o                  16
    gpio.o                386
    sysctl.o              740
    uart.o                176
    -------------------------------------------
    Total:              1 624

grlib.a: [5]
    charmap.o               8
    context.o             120        4        4
    fontfixed6x8.o                 960
    rectangle.o           178
    string.o            1 258
    -------------------------------------------
    Total:              1 564      964        4

m7M_tls.a: [6]
    DblDiv.o              598
    DblMul.o              418
    DblToI32.o             76
    I32ToDbl.o             28
    fpinit_M.o             34
    -------------------------------------------
    Total:              1 154

rt7M_tl.a: [7]
    ABImemset48.o          58
    cexit.o                10
    cmain.o                26
    copy_init3.o           44
    cstartup_M.o           12
    data_init.o            40
    strlen.o               54
    -------------------------------------------
    Total:                244

shb_l.a: [8]
    exit.o                 20
    -------------------------------------------
    Total:                 20

    Gaps                   12        4
    Linker created                  20
-----------------------------------------------
    Grand Total:        8 700    1 744      612


*******************************************************************************
*** ENTRY LIST
***

Entry                      Address   Size  Type      Object
-----                      -------   ----  ----      ------
.iar.init_table$$Base   0x000027e0          --   Gb  - Linker created -
.iar.init_table$$Limit  0x000027f4          --   Gb  - Linker created -
?main                   0x0000281d         Code  Gb  cmain.o [7]
ADCProcessorTrigger     0x000012f9   0x1c  Code  Gb  adc.o [4]
ADCSequenceConfigure    0x00001207   0x52  Code  Gb  adc.o [4]
ADCSequenceDataGet      0x000012db   0x1e  Code  Gb  adc.o [4]
ADCSequenceDisable      0x000011f7    0x2  Code  Gb  adc.o [4]
ADCSequenceEnable       0x000011ed    0xa  Code  Gb  adc.o [4]
ADCSequenceStepConfigure
                        0x00001259   0x76  Code  Gb  adc.o [4]
ADCToggled1             0x20000002    0x1  Data  Gb  my_ADC_polling.o [1]
ADCToggled2             0x20000003    0x1  Data  Gb  my_ADC_polling.o [1]
ADCToggled3             0x20000004    0x1  Data  Gb  my_ADC_polling.o [1]
ADCToggled4             0x20000005    0x1  Data  Gb  my_ADC_polling.o [1]
ADCToggled5             0x20000006    0x1  Data  Gb  my_ADC_polling.o [1]
ADCToggled6             0x20000007    0x1  Data  Gb  my_ADC_polling.o [1]
CFAL96x64x16ColorTranslate
                        0x000015a7   0x16  Code  Lc  cfal96x64x16.o [1]
CFAL96x64x16Flush       0x000015bd    0x2  Code  Lc  cfal96x64x16.o [1]
CFAL96x64x16Init        0x000015bf  0x118  Code  Gb  cfal96x64x16.o [1]
CFAL96x64x16LineDrawH   0x000014a1   0x5c  Code  Lc  cfal96x64x16.o [1]
CFAL96x64x16LineDrawV   0x000014fd   0x70  Code  Lc  cfal96x64x16.o [1]
CFAL96x64x16PixelDraw   0x00001399   0x2e  Code  Lc  cfal96x64x16.o [1]
CFAL96x64x16PixelDrawMultiple
                        0x000013c7   0xb2  Code  Lc  cfal96x64x16.o [1]
CFAL96x64x16RectFill    0x0000157b   0x2c  Code  Lc  cfal96x64x16.o [1]
CFAL96x64x16WriteCommand
                        0x00001321   0x32  Code  Lc  cfal96x64x16.o [1]
CFAL96x64x16WriteData   0x00001353   0x30  Code  Lc  cfal96x64x16.o [1]
FPULazyStackingEnable   0x00000d6d    0xc  Code  Gb  fpu.o [4]
FaultISR                0x0000280b    0x2  Code  Lc  startup_ewarm.o [1]
GPIODirModeSet          0x00001061   0x28  Code  Gb  gpio.o [4]
GPIOPadConfigSet        0x00001089   0xfe  Code  Gb  gpio.o [4]
GPIOPinTypeADC          0x0000118d    0x4  Code  Gb  gpio.o [4]
GPIOPinTypeGPIOOutput   0x000011ab    0xa  Code  Gb  gpio.o [4]
GPIOPinTypeUART         0x000011cf   0x14  Code  Gb  gpio.o [4]
GPIOPinWrite            0x00001187    0x6  Code  Gb  gpio.o [4]
GrContextFontSet        0x00001c73    0x4  Code  Gb  string.o [5]
GrContextInit           0x00001715   0x5e  Code  Gb  context.o [5]
GrDefaultStringRenderer
                        0x0000180d   0xb2  Code  Gb  string.o [5]
GrFontBaselineGet       0x00001b65   0x18  Code  Gb  string.o [5]
GrFontCodepageGet       0x00001c17   0x1c  Code  Gb  string.o [5]
GrFontGlyphDataGet      0x00001b93   0x84  Code  Gb  string.o [5]
GrFontGlyphRender       0x000018ef  0x21e  Code  Gb  string.o [5]
GrFontInfoGet           0x00001b3b   0x2a  Code  Gb  string.o [5]
GrMapISO8859_1_Unicode  0x00002861    0x8  Code  Gb  charmap.o [5]
GrRectFill              0x00001eb7   0xb2  Code  Gb  rectangle.o [5]
GrStringDraw            0x000017f7   0x16  Code  Gb  string.o [5]
GrStringNextCharGet     0x000018bf   0x30  Code  Gb  string.o [5]
GrStringWidthGet        0x0000178d   0x6a  Code  Gb  string.o [5]
IntDefaultHandler       0x0000280d    0x2  Code  Lc  startup_ewarm.o [1]
LEDToggled              0x20000001    0x1  Data  Gb  my_ADC_polling.o [1]
NmiSR                   0x00002809    0x2  Code  Lc  startup_ewarm.o [1]
Region$$Table$$Base     0x000027e0          --   Gb  - Linker created -
Region$$Table$$Limit    0x000027f4          --   Gb  - Linker created -
ResetISR                0x000027f5    0xe  Code  Gb  startup_ewarm.o [1]
SysCtlClockGet          0x00000e99  0x110  Code  Gb  sysctl.o [4]
SysCtlClockSet          0x00000dc1   0xd8  Code  Gb  sysctl.o [4]
SysCtlDelay             0x00000db9    0x8  Code  Gb  sysctl.o [4]
SysCtlPeripheralEnable  0x00000d9d    0x8  Code  Gb  sysctl.o [4]
SysCtlPeripheralReady   0x00000d7d    0x8  Code  Gb  sysctl.o [4]
UARTCharGetNonBlocking  0x00000d55    0xe  Code  Gb  uart.o [4]
UARTCharPut             0x00000d63    0xa  Code  Gb  uart.o [4]
UARTCharsAvail          0x00000d45    0x6  Code  Gb  uart.o [4]
UARTConfigSetExpClk     0x00000cbd   0x4c  Code  Gb  uart.o [4]
UARTDisable             0x00000d23   0x1e  Code  Gb  uart.o [4]
UARTEnable              0x00000d09   0x1a  Code  Gb  uart.o [4]
UARTIntHandler          0x0000026d   0x40  Code  Gb  my_ADC_polling.o [1]
UARTSend                0x000002ad   0x1e  Code  Gb  my_ADC_polling.o [1]
UpdateContextCharMapping
                        0x00001c33   0x40  Code  Lc  string.o [5]
_PrintfTiny             0x00002213  0x136  Code  Gb  xprintftiny.o [3]
_SProut                 0x000011e3    0xa  Code  Gb  xsprout.o [3]
__aeabi_d2iz            0x00001cc9         Code  Gb  DblToI32.o [6]
__aeabi_ddiv            0x00001f69         Code  Gb  DblDiv.o [6]
__aeabi_dmul            0x00001d15         Code  Gb  DblMul.o [6]
__aeabi_memset4         0x000021c1         Code  Gb  ABImemset48.o [7]
__aeabi_memset8         0x000021c1         Code  Gb  ABImemset48.o [7]
__aeabi_ui2d            0x00001cad         Code  Gb  I32ToDbl.o [6]
__cmain                 0x0000281d         Code  Gb  cmain.o [7]
__exit                  0x0000284d   0x14  Code  Gb  exit.o [8]
__iar_Memset4_word      0x000021c9         Code  Gb  ABImemset48.o [7]
__iar_Memset8_word      0x000021c9         Code  Gb  ABImemset48.o [7]
__iar_copy_init3        0x00002741   0x2c  Code  Gb  copy_init3.o [7]
__iar_d2uiz             0x00001cf5         Code  Gb  DblToI32.o [6]
__iar_data_init3        0x00002795   0x28  Code  Gb  data_init.o [7]
__iar_init_vfp          0x000027bd         Code  Gb  fpinit_M.o [6]
__iar_program_start     0x0000280f         Code  Gb  cstartup_M.o [7]
__iar_ui2d              0x00001cb1         Code  Gb  I32ToDbl.o [6]
__low_level_init        0x00002837    0x4  Code  Gb  low_level_init.o [3]
__vector_table          0x00000000  0x26c  Data  Gb  startup_ewarm.o [1]
_call_main              0x00002829         Code  Gb  cmain.o [7]
_exit                   0x00002841         Code  Gb  cexit.o [7]
_main                   0x00002833         Code  Gb  cmain.o [7]
exit                    0x0000283b    0x4  Code  Gb  exit.o [3]
g_psDefaultCodePointMapTable
                        0x0000177c   0x10  Data  Gb  context.o [5]
g_psGrLibDefaults       0x20000060    0x4  Data  Lc  context.o [5]
g_pui32Xtals            0x00000ff4   0x6c  Data  Lc  sysctl.o [4]
g_pui8FontFixed6x8Data  0x00002380  0x2f8  Data  Lc  fontfixed6x8.o [5]
g_sCFAL96x64x16         0x0000276c   0x28  Data  Gb  cfal96x64x16.o [1]
g_sFontFixed6x8         0x00002678   0xc8  Data  Gb  fontfixed6x8.o [5]
g_ui8DisplayInitCommands
                        0x2000004c   0x14  Data  Lc  cfal96x64x16.o [1]
main                    0x000002cb  0x4ac  Code  Gb  my_ADC_polling.o [1]
out                     0x000021fb   0x18  Code  Lc  xprintftiny.o [3]
process_menu            0x000008cb  0x174  Code  Gb  my_ADC_polling.o [1]
pui32Stack              0x20000064  0x200  Data  Lc  startup_ewarm.o [1]
running                 0x20000000    0x1  Data  Gb  my_ADC_polling.o [1]
sContext                0x20000010   0x2c  Data  Gb  my_ADC_polling.o [1]
sRect                   0x20000008    0x8  Data  Gb  my_ADC_polling.o [1]
sprintf                 0x00001c79   0x34  Code  Gb  sprintf.o [3]
strlen                  0x00002349         Code  Gb  strlen.o [7]
ui32ADCValue1           0x20000040    0x4  Data  Gb  my_ADC_polling.o [1]
ui32ADCValue2           0x20000044    0x4  Data  Gb  my_ADC_polling.o [1]
ui32ADCValue3           0x20000048    0x4  Data  Gb  my_ADC_polling.o [1]
ui32Loop                0x2000003c    0x4  Data  Gb  my_ADC_polling.o [1]


[1] = C:\Users\neuberj2\Documents\ti\TivaWare_C_Series-2.1.4.178\examples\boards\dk-tm4c123g\my_ADC_polling\ewarm\Obj
[2] = command line
[3] = dl7M_tln.a
[4] = driverlib.a
[5] = grlib.a
[6] = m7M_tls.a
[7] = rt7M_tl.a
[8] = shb_l.a

  8 700 bytes of readonly  code memory
  1 744 bytes of readonly  data memory
    612 bytes of readwrite data memory

Errors: none
Warnings: none
