###############################################################################
#
# IAR ELF Linker V7.40.3.8902/W32 for ARM                 01/Dec/2025  10:32:14
# Copyright 2007-2015 IAR Systems AB.
#
#    Output file  =  
#        C:\Users\neuberj2\Documents\ti\TivaWare_C_Series-2.1.4.178\examples\boards\dk-tm4c123g\my_stepper_motor\ewarm\Exe\my_stepper_motor.out
#    Map file     =  
#        C:\Users\neuberj2\Documents\ti\TivaWare_C_Series-2.1.4.178\examples\boards\dk-tm4c123g\my_stepper_motor\ewarm\List\my_stepper_motor.map
#    Command line =  
#        C:\Users\neuberj2\Documents\ti\TivaWare_C_Series-2.1.4.178\examples\boards\dk-tm4c123g\my_stepper_motor\ewarm\Obj\cfal96x64x16.o
#        C:\Users\neuberj2\Documents\ti\TivaWare_C_Series-2.1.4.178\driverlib\ewarm\Exe\driverlib.a
#        C:\Users\neuberj2\Documents\ti\TivaWare_C_Series-2.1.4.178\grlib\ewarm\Exe\grlib.a
#        C:\Users\neuberj2\Documents\ti\TivaWare_C_Series-2.1.4.178\examples\boards\dk-tm4c123g\my_stepper_motor\ewarm\Obj\my_stepper_motor.o
#        C:\Users\neuberj2\Documents\ti\TivaWare_C_Series-2.1.4.178\examples\boards\dk-tm4c123g\my_stepper_motor\ewarm\Obj\startup_ewarm.o
#        --redirect _Printf=_PrintfTiny --redirect _Scanf=_ScanfSmall -o
#        C:\Users\neuberj2\Documents\ti\TivaWare_C_Series-2.1.4.178\examples\boards\dk-tm4c123g\my_stepper_motor\ewarm\Exe\my_stepper_motor.out
#        --map
#        C:\Users\neuberj2\Documents\ti\TivaWare_C_Series-2.1.4.178\examples\boards\dk-tm4c123g\my_stepper_motor\ewarm\List\my_stepper_motor.map
#        --config
#        C:\Users\neuberj2\Documents\ti\TivaWare_C_Series-2.1.4.178\examples\boards\dk-tm4c123g\my_stepper_motor\my_stepper_motor.icf
#        --semihosting --entry __iar_program_start --vfe
#
###############################################################################

*******************************************************************************
*** RUNTIME MODEL ATTRIBUTES
***

CppFlavor       = *
__SystemLibrary = DLib


*******************************************************************************
*** PLACEMENT SUMMARY
***

"A1":  place at start of [0x00000000-0x0003ffff] { ro section .intvec };
"P1":  place in [from 0x00000000 to 0x0003ffff] { ro };
"A2":  place at start of [0x20000000-0x20007fff] { section VTABLE };
"P2":  place in [from 0x20000000 to 0x20007fff] { rw, block HEAP };

  Section            Kind        Address    Size  Object
  -------            ----        -------    ----  ------
"A1":                                      0x26c
  .intvec            const    0x00000000   0x26c  startup_ewarm.o [1]
                            - 0x0000026c   0x26c

"P1":                                     0x26dc
  .text              ro code  0x0000026c   0x908  my_stepper_motor.o [1]
  .text              ro code  0x00000b74   0x19c  uart.o [4]
  .text              ro code  0x00000d10   0x414  gpio.o [4]
  .text              ro code  0x00001124    0xb8  interrupt.o [4]
  .text              ro code  0x000011dc   0x4ea  string.o [5]
  .text              ro code  0x000016c6     0xa  xsprout.o [3]
  .text              ro code  0x000016d0   0x188  timer.o [4]
  .text              ro code  0x00001858   0x132  adc.o [4]
  .text              ro code  0x0000198c    0x34  sprintf.o [3]
  .text              ro code  0x000019c0   0x2e4  sysctl.o [4]
  .text              ro code  0x00001ca4   0x3f4  cfal96x64x16.o [1]
  .text              ro code  0x00002098    0x78  context.o [5]
  .text              ro code  0x00002110    0xb2  rectangle.o [5]
  .text              ro code  0x000021c4    0x10  cpu.o [4]
  .text              ro code  0x000021d4   0x14e  xprintftiny.o [3]
  .text              ro code  0x00002324    0x3a  ABImemset48.o [7]
  .text              ro code  0x00002360    0x36  strlen.o [7]
  .rodata            const    0x00002398   0x3c0  fontfixed6x8.o [5]
  .text              ro code  0x00002758    0x40  zero_init3.o [7]
  .text              ro code  0x00002798    0x2c  copy_init3.o [7]
  .rodata            const    0x000027c4    0x28  cfal96x64x16.o [1]
  .text              ro code  0x000027ec    0x28  data_init.o [7]
  .text              ro code  0x00002814    0x22  fpinit_M.o [6]
  .iar.init_table    const    0x00002838    0x24  - Linker created -
  .text              ro code  0x0000285c    0x1a  startup_ewarm.o [1]
  .text              ro code  0x00002876     0xc  cstartup_M.o [7]
  .text              ro code  0x00002884    0x1a  cmain.o [7]
  .text              ro code  0x0000289e     0x4  low_level_init.o [3]
  .text              ro code  0x000028a2     0x4  exit.o [3]
  .text              ro code  0x000028a8     0xa  cexit.o [7]
  .text              ro code  0x000028b4    0x14  exit.o [8]
  .text              ro code  0x000028c8     0x8  charmap.o [5]
  .rodata            const    0x000028d0     0x0  zero_init3.o [7]
  .rodata            const    0x000028d0     0x0  copy_init3.o [7]
  Initializer bytes  const    0x000028d0    0x78  <for P2 s0>
                            - 0x00002948  0x26dc

"A2":                                      0x26c
  VTABLE             zero     0x20000000   0x26c  interrupt.o [4]
                            - 0x2000026c   0x26c

"P2":                                      0x478
  P2 s0                       0x2000026c    0x78  <Init block>
    .data            inited   0x2000026c    0x60  my_stepper_motor.o [1]
    .data            inited   0x200002cc    0x14  cfal96x64x16.o [1]
    .bss             inited   0x200002e0     0x4  context.o [5]
  .noinit            uninit   0x200002e4   0x400  startup_ewarm.o [1]
                            - 0x200006e4   0x478


*******************************************************************************
*** INIT TABLE
***

          Address     Size
          -------     ----
Zero (__iar_zero_init3)
    1 destination range, total size 0x26c:
          0x20000000  0x26c

Copy (__iar_copy_init3)
    1 source range, total size 0x78:
          0x000028d0   0x78
    1 destination range, total size 0x78:
          0x2000026c   0x78



*******************************************************************************
*** MODULE SUMMARY
***

    Module              ro code  ro data  rw data
    ------              -------  -------  -------
C:\Users\neuberj2\Documents\ti\TivaWare_C_Series-2.1.4.178\examples\boards\dk-tm4c123g\my_stepper_motor\ewarm\Obj: [1]
    cfal96x64x16.o        1 012       60       20
    my_stepper_motor.o    2 312       96       96
    startup_ewarm.o          26      620    1 024
    ---------------------------------------------
    Total:                3 350      776    1 140

command line: [2]
    ---------------------------------------------
    Total:

dl7M_tln.a: [3]
    exit.o                    4
    low_level_init.o          4
    sprintf.o                52
    xprintftiny.o           334
    xsprout.o                10
    ---------------------------------------------
    Total:                  404

driverlib.a: [4]
    adc.o                   306
    cpu.o                    16
    gpio.o                1 044
    interrupt.o             184               620
    sysctl.o                740
    timer.o                 392
    uart.o                  412
    ---------------------------------------------
    Total:                3 094               620

grlib.a: [5]
    charmap.o                 8
    context.o               120        4        4
    fontfixed6x8.o                   960
    rectangle.o             178
    string.o              1 258
    ---------------------------------------------
    Total:                1 564      964        4

m7M_tls.a: [6]
    fpinit_M.o               34
    ---------------------------------------------
    Total:                   34

rt7M_tl.a: [7]
    ABImemset48.o            58
    cexit.o                  10
    cmain.o                  26
    copy_init3.o             44
    cstartup_M.o             12
    data_init.o              40
    strlen.o                 54
    zero_init3.o             64
    ---------------------------------------------
    Total:                  308

shb_l.a: [8]
    exit.o                   20
    ---------------------------------------------
    Total:                   20

    Gaps                     14        4
    Linker created                    36
-------------------------------------------------
    Grand Total:          8 788    1 780    1 764


*******************************************************************************
*** ENTRY LIST
***

Entry                      Address   Size  Type      Object
-----                      -------   ----  ----      ------
.iar.init_table$$Base   0x00002838          --   Gb  - Linker created -
.iar.init_table$$Limit  0x0000285c          --   Gb  - Linker created -
?main                   0x00002885         Code  Gb  cmain.o [7]
ADCProcessorTrigger     0x00001965   0x1c  Code  Gb  adc.o [4]
ADCSequenceConfigure    0x00001873   0x52  Code  Gb  adc.o [4]
ADCSequenceDataGet      0x00001947   0x1e  Code  Gb  adc.o [4]
ADCSequenceDisable      0x00001863    0x2  Code  Gb  adc.o [4]
ADCSequenceEnable       0x00001859    0xa  Code  Gb  adc.o [4]
ADCSequenceStepConfigure
                        0x000018c5   0x76  Code  Gb  adc.o [4]
CFAL96x64x16ColorTranslate
                        0x00001f2b   0x16  Code  Lc  cfal96x64x16.o [1]
CFAL96x64x16Flush       0x00001f41    0x2  Code  Lc  cfal96x64x16.o [1]
CFAL96x64x16Init        0x00001f43  0x118  Code  Gb  cfal96x64x16.o [1]
CFAL96x64x16LineDrawH   0x00001e25   0x5c  Code  Lc  cfal96x64x16.o [1]
CFAL96x64x16LineDrawV   0x00001e81   0x70  Code  Lc  cfal96x64x16.o [1]
CFAL96x64x16PixelDraw   0x00001d1d   0x2e  Code  Lc  cfal96x64x16.o [1]
CFAL96x64x16PixelDrawMultiple
                        0x00001d4b   0xb2  Code  Lc  cfal96x64x16.o [1]
CFAL96x64x16RectFill    0x00001eff   0x2c  Code  Lc  cfal96x64x16.o [1]
CFAL96x64x16WriteCommand
                        0x00001ca5   0x32  Code  Lc  cfal96x64x16.o [1]
CFAL96x64x16WriteData   0x00001cd7   0x30  Code  Lc  cfal96x64x16.o [1]
CPUcpsid                0x000021c5    0x8  Code  Gb  cpu.o [4]
CPUcpsie                0x000021cd    0x8  Code  Gb  cpu.o [4]
FaultISR                0x00002873    0x2  Code  Lc  startup_ewarm.o [1]
GPIODirModeSet          0x00000d51   0x28  Code  Gb  gpio.o [4]
GPIOIntClear            0x00000ed9    0x6  Code  Gb  gpio.o [4]
GPIOIntEnable           0x00000ec3    0x6  Code  Gb  gpio.o [4]
GPIOIntRegister         0x00000edf   0x14  Code  Gb  gpio.o [4]
GPIOIntStatus           0x00000ec9   0x10  Code  Gb  gpio.o [4]
GPIOIntTypeSet          0x00000d79   0x4c  Code  Gb  gpio.o [4]
GPIOMIntHandler         0x000002c7   0xdc  Code  Gb  my_stepper_motor.o [1]
GPIOPadConfigSet        0x00000dc5   0xfe  Code  Gb  gpio.o [4]
GPIOPinRead             0x00000efb    0x6  Code  Gb  gpio.o [4]
GPIOPinTypeADC          0x00000f07    0x4  Code  Gb  gpio.o [4]
GPIOPinTypeGPIOInput    0x00000f25   0x14  Code  Gb  gpio.o [4]
GPIOPinTypeGPIOOutput   0x00000f39    0xa  Code  Gb  gpio.o [4]
GPIOPinTypeUART         0x00000f5d   0x14  Code  Gb  gpio.o [4]
GPIOPinWrite            0x00000f01    0x6  Code  Gb  gpio.o [4]
GrContextFontSet        0x000016c3    0x4  Code  Gb  string.o [5]
GrContextInit           0x00002099   0x5e  Code  Gb  context.o [5]
GrDefaultStringRenderer
                        0x0000125d   0xb2  Code  Gb  string.o [5]
GrFontBaselineGet       0x000015b5   0x18  Code  Gb  string.o [5]
GrFontCodepageGet       0x00001667   0x1c  Code  Gb  string.o [5]
GrFontGlyphDataGet      0x000015e3   0x84  Code  Gb  string.o [5]
GrFontGlyphRender       0x0000133f  0x21e  Code  Gb  string.o [5]
GrFontInfoGet           0x0000158b   0x2a  Code  Gb  string.o [5]
GrMapISO8859_1_Unicode  0x000028c9    0x8  Code  Gb  charmap.o [5]
GrRectFill              0x00002111   0xb2  Code  Gb  rectangle.o [5]
GrStringDraw            0x00001247   0x16  Code  Gb  string.o [5]
GrStringNextCharGet     0x0000130f   0x30  Code  Gb  string.o [5]
GrStringWidthGet        0x000011dd   0x6a  Code  Gb  string.o [5]
IntDefaultHandler       0x00002875    0x2  Code  Lc  startup_ewarm.o [1]
IntEnable               0x00001161   0x56  Code  Gb  interrupt.o [4]
IntMasterDisable        0x0000112d    0x6  Code  Gb  interrupt.o [4]
IntMasterEnable         0x00001125    0x8  Code  Gb  interrupt.o [4]
IntRegister             0x0000113b   0x26  Code  Gb  interrupt.o [4]
NmiSR                   0x00002871    0x2  Code  Lc  startup_ewarm.o [1]
RPM                     0x200002ac    0x4  Data  Gb  my_stepper_motor.o [1]
Region$$Table$$Base     0x00002838          --   Gb  - Linker created -
Region$$Table$$Limit    0x0000285c          --   Gb  - Linker created -
ResetISR                0x0000285d    0xe  Code  Gb  startup_ewarm.o [1]
SysCtlClockGet          0x00001add  0x110  Code  Gb  sysctl.o [4]
SysCtlClockSet          0x00001a05   0xd8  Code  Gb  sysctl.o [4]
SysCtlDelay             0x000019fd    0x8  Code  Gb  sysctl.o [4]
SysCtlPeripheralEnable  0x000019e1    0x8  Code  Gb  sysctl.o [4]
SysCtlPeripheralReady   0x000019c1    0x8  Code  Gb  sysctl.o [4]
TimerConfigure          0x0000171f   0x52  Code  Gb  timer.o [4]
TimerEnable             0x00001713    0xc  Code  Gb  timer.o [4]
TimerIntClear           0x000017b5    0x4  Code  Gb  timer.o [4]
TimerIntEnable          0x000017ab    0x4  Code  Gb  timer.o [4]
TimerIntHandler         0x000003d3  0x130  Code  Gb  my_stepper_motor.o [1]
TimerIntRegister        0x00001791   0x1a  Code  Gb  timer.o [4]
TimerLoadSet            0x00001781   0x10  Code  Gb  timer.o [4]
UARTCharGetNonBlocking  0x00000c53    0xe  Code  Gb  uart.o [4]
UARTCharPut             0x00000c61    0xa  Code  Gb  uart.o [4]
UARTCharsAvail          0x00000c43    0x6  Code  Gb  uart.o [4]
UARTConfigSetExpClk     0x00000ba7   0x4c  Code  Gb  uart.o [4]
UARTDisable             0x00000c0d   0x1e  Code  Gb  uart.o [4]
UARTEnable              0x00000bf3   0x1a  Code  Gb  uart.o [4]
UARTIntClear            0x00000c8b    0x4  Code  Gb  uart.o [4]
UARTIntEnable           0x00000c85    0x6  Code  Gb  uart.o [4]
UARTIntHandler          0x0000028b   0x3c  Code  Gb  my_stepper_motor.o [1]
UARTIntRegister         0x00000c6b   0x1a  Code  Gb  uart.o [4]
UARTSend                0x0000026d   0x1e  Code  Gb  my_stepper_motor.o [1]
UART_send_menu          0x000009d9   0x68  Code  Gb  my_stepper_motor.o [1]
UpdateContextCharMapping
                        0x00001683   0x40  Code  Lc  string.o [5]
_GPIOIntNumberGet       0x00000d11   0x40  Code  Lc  gpio.o [4]
_PrintfTiny             0x000021ed  0x136  Code  Gb  xprintftiny.o [3]
_SProut                 0x000016c7    0xa  Code  Gb  xsprout.o [3]
_TimerIntNumberGet      0x000016d1   0x42  Code  Lc  timer.o [4]
_UARTIntNumberGet       0x00000b75   0x32  Code  Lc  uart.o [4]
__aeabi_memset4         0x00002325         Code  Gb  ABImemset48.o [7]
__aeabi_memset8         0x00002325         Code  Gb  ABImemset48.o [7]
__cmain                 0x00002885         Code  Gb  cmain.o [7]
__exit                  0x000028b5   0x14  Code  Gb  exit.o [8]
__iar_Memset4_word      0x0000232d         Code  Gb  ABImemset48.o [7]
__iar_Memset8_word      0x0000232d         Code  Gb  ABImemset48.o [7]
__iar_copy_init3        0x00002799   0x2c  Code  Gb  copy_init3.o [7]
__iar_data_init3        0x000027ed   0x28  Code  Gb  data_init.o [7]
__iar_init_vfp          0x00002815         Code  Gb  fpinit_M.o [6]
__iar_program_start     0x00002877         Code  Gb  cstartup_M.o [7]
__iar_zero_init3        0x00002759   0x40  Code  Gb  zero_init3.o [7]
__low_level_init        0x0000289f    0x4  Code  Gb  low_level_init.o [3]
__vector_table          0x00000000  0x26c  Data  Gb  startup_ewarm.o [1]
_call_main              0x00002891         Code  Gb  cmain.o [7]
_exit                   0x000028a9         Code  Gb  cexit.o [7]
_main                   0x0000289b         Code  Gb  cmain.o [7]
buffer                  0x200002bc   0x10  Data  Gb  my_stepper_motor.o [1]
currentFollowerModeRawValue
                        0x200002b4    0x4  Data  Gb  my_stepper_motor.o [1]
currentFollowerModeValue
                        0x200002b0    0x4  Data  Gb  my_stepper_motor.o [1]
exit                    0x000028a3    0x4  Code  Gb  exit.o [3]
followerModeToggle      0x20000270    0x1  Data  Gb  my_stepper_motor.o [1]
fullStep                0x2000026d    0x1  Data  Gb  my_stepper_motor.o [1]
full_step_array         0x00000b6c    0x4  Data  Gb  my_stepper_motor.o [1]
g_pfnRAMVectors         0x20000000  0x26c  Data  Lc  interrupt.o [4]
g_ppui32GPIOIntMapBlizzard
                        0x00000f8c   0xc0  Data  Lc  gpio.o [4]
g_ppui32GPIOIntMapSnowflake
                        0x0000104c   0xd8  Data  Lc  gpio.o [4]
g_ppui32TimerIntMap     0x000017b8   0x60  Data  Lc  timer.o [4]
g_ppui32TimerIntMapSnowflake
                        0x00001818   0x40  Data  Lc  timer.o [4]
g_ppui32UARTIntMap      0x00000c90   0x40  Data  Lc  uart.o [4]
g_ppui32UARTIntMapSnowflake
                        0x00000cd0   0x40  Data  Lc  uart.o [4]
g_psDefaultCodePointMapTable
                        0x00002100   0x10  Data  Gb  context.o [5]
g_psGrLibDefaults       0x200002e0    0x4  Data  Lc  context.o [5]
g_pui32EnRegs           0x000011c8   0x14  Data  Lc  interrupt.o [4]
g_pui32Xtals            0x00001c38   0x6c  Data  Lc  sysctl.o [4]
g_pui8FontFixed6x8Data  0x00002398  0x2f8  Data  Lc  fontfixed6x8.o [5]
g_sCFAL96x64x16         0x000027c4   0x28  Data  Gb  cfal96x64x16.o [1]
g_sContext              0x2000027c   0x2c  Data  Gb  my_stepper_motor.o [1]
g_sFontFixed6x8         0x00002690   0xc8  Data  Gb  fontfixed6x8.o [5]
g_ui8DisplayInitCommands
                        0x200002cc   0x14  Data  Lc  cfal96x64x16.o [1]
half_step_array         0x00000b64    0x8  Data  Gb  my_stepper_motor.o [1]
index                   0x2000026c    0x1  Data  Gb  my_stepper_motor.o [1]
main                    0x00000567  0x216  Code  Gb  my_stepper_motor.o [1]
motorToggle             0x2000026f    0x1  Data  Gb  my_stepper_motor.o [1]
out                     0x000021d5   0x18  Code  Lc  xprintftiny.o [3]
process_menu            0x00000795   0x98  Code  Gb  my_stepper_motor.o [1]
pui32Stack              0x200002e4  0x400  Data  Lc  startup_ewarm.o [1]
reverse                 0x2000026e    0x1  Data  Gb  my_stepper_motor.o [1]
sRect                   0x20000274    0x8  Data  Gb  my_stepper_motor.o [1]
show_splash_screen      0x00000839   0xec  Code  Gb  my_stepper_motor.o [1]
sprintf                 0x0000198d   0x34  Code  Gb  sprintf.o [3]
strlen                  0x00002361         Code  Gb  strlen.o [7]
targetFollowerModeValue
                        0x200002b8    0x4  Data  Gb  my_stepper_motor.o [1]
ui32Loop                0x200002a8    0x4  Data  Gb  my_stepper_motor.o [1]
wave_drive_array        0x00000b70    0x4  Data  Gb  my_stepper_motor.o [1]


[1] = C:\Users\neuberj2\Documents\ti\TivaWare_C_Series-2.1.4.178\examples\boards\dk-tm4c123g\my_stepper_motor\ewarm\Obj
[2] = command line
[3] = dl7M_tln.a
[4] = driverlib.a
[5] = grlib.a
[6] = m7M_tls.a
[7] = rt7M_tl.a
[8] = shb_l.a

  8 788 bytes of readonly  code memory
  1 780 bytes of readonly  data memory
  1 764 bytes of readwrite data memory

Errors: none
Warnings: none
